core_cm4.h:1688:22:__NVIC_EnableIRQ	16	static
core_cm4.h:1816:22:__NVIC_SetPriority	16	static
main.c:35:6:SysTick_Handler	280	static
main.c:51:6:EXTI15_10_IRQHandler	16	static
main.c:72:5:main	8	static,ignoring_inline_asm
main.c:129:7:read_ADC	4	static
main.c:138:6:reset_SysTick_interrupt	16	static
main.c:146:7:get_temp_value	32	static
main.c:155:5:get_sample_rate_from_voltage	16	static
main.c:159:6:myprint	24	static
main.c:166:6:USART2_init	4	static
main.c:184:6:USART2_write	16	static
main.c:190:5:USART2_read	4	static
main.c:196:6:delayMs	24	static
