core_cm4.h:1688:22:__NVIC_EnableIRQ	16	static
core_cm4.h:1816:22:__NVIC_SetPriority	16	static
main.c:41:6:TIM2_IRQHandler	288	static
main.c:73:6:EXTI15_10_IRQHandler	16	static
main.c:94:5:main	8	static,ignoring_inline_asm
main.c:152:7:read_ADC_voltage	8	static
main.c:157:5:read_ADC_step	4	static
main.c:166:6:set_sample_interrupt	4	static
main.c:180:7:get_temp_value	32	static
main.c:189:5:get_sample_rate_from_ADC	24	static
main.c:199:6:myprint	24	static
main.c:206:6:USART2_init	4	static
main.c:224:6:USART2_write	16	static
main.c:230:5:USART2_read	4	static
