core_cm4.h:1688:22:__NVIC_EnableIRQ	16	static
core_cm4.h:1816:22:__NVIC_SetPriority	16	static
main.c:84:6:TIM2_IRQHandler	8	static
main.c:97:6:SysTick_Handler	40	static
main.c:119:5:main	8	static,ignoring_inline_asm
main.c:158:6:ADC_init	4	static
main.c:172:7:read_pot_percent	8	static
main.c:177:5:read_ADC_step	4	static
main.c:191:6:control_sample_timer_config	4	static
main.c:208:6:set_sysTick_interrupt	24	static
main.c:220:6:update_rate	16	static
main.c:231:6:update_depth	16	static
main.c:240:6:LED_init	4	static
main.c:249:6:LED_toggle	4	static
main.c:253:6:delay_ms	32	static
main.c:271:6:myprint	24	static
main.c:279:6:USART2_init	4	static
main.c:297:6:USART2_write	16	static
main.c:303:5:USART2_read	4	static
