core_cm4.h:1688:22:__NVIC_EnableIRQ	16	static
core_cm4.h:1816:22:__NVIC_SetPriority	16	static
main.c:98:6:TIM2_IRQHandler	8	static
main.c:109:6:SysTick_Handler	40	static
main.c:131:5:main	8	static,ignoring_inline_asm
main.c:171:6:ADC_init	4	static
main.c:185:7:read_pot_percent	8	static
main.c:190:5:read_ADC_step	4	static
main.c:204:6:control_sample_timer_config	4	static
main.c:221:6:set_sysTick_interrupt	24	static
main.c:235:6:config_SPI_pins	8	static
main.c:256:6:SPI3_init	8	static
main.c:272:6:DAC_write	24	static
main.c:292:6:update_rate	16	static
main.c:303:6:update_depth	16	static
main.c:312:6:LED_init	4	static
main.c:321:6:LED_toggle	4	static
main.c:325:6:delay_ms	32	static
main.c:343:6:myprint	24	static
main.c:351:6:USART2_init	4	static
main.c:369:6:USART2_write	16	static
main.c:375:5:USART2_read	4	static
main.c:380:6:B1_config	4	static
main.c:387:5:PXx_OUT_MODER_config	16	static
main.c:405:6:turn_off_PXnum	24	static
main.c:411:6:turn_on_PXnum	24	static
main.c:417:16:select_GPIO	16	static
