core_cm4.h:1688:22:__NVIC_EnableIRQ	16	static
core_cm4.h:1816:22:__NVIC_SetPriority	16	static
main.c:99:6:TIM2_IRQHandler	8	static
main.c:112:6:SysTick_Handler	40	static
main.c:140:6:EXTI15_10_IRQHandler	4	static
main.c:152:5:main	8	static,ignoring_inline_asm
main.c:193:6:ADC_init	4	static
main.c:207:7:read_pot_percent	8	static
main.c:212:5:read_ADC_step	4	static
main.c:226:6:control_sample_timer_config	4	static
main.c:243:6:set_sysTick_interrupt	24	static
main.c:257:6:config_SPI_pins	8	static
main.c:278:6:SPI3_init	8	static
main.c:294:6:DAC_write	24	static
main.c:314:6:update_rate	16	static
main.c:325:6:update_depth	16	static
main.c:334:6:LED_init	4	static
main.c:343:6:LED_toggle	4	static
main.c:347:6:delay_ms	32	static
main.c:365:6:myprint	24	static
main.c:373:6:USART2_init	4	static
main.c:391:6:USART2_write	16	static
main.c:397:5:USART2_read	4	static
main.c:402:6:B1_config	4	static
main.c:409:5:PXx_OUT_MODER_config	16	static
main.c:427:6:turn_off_PXnum	24	static
main.c:433:6:turn_on_PXnum	24	static
main.c:439:16:select_GPIO	16	static
