core_cm4.h:1688:22:__NVIC_EnableIRQ	16	static
core_cm4.h:1816:22:__NVIC_SetPriority	16	static
main.c:56:6:TIM2_IRQHandler	8	static
main.c:67:5:main	24	static,ignoring_inline_asm
main.c:100:6:ADC_init	4	static
main.c:114:7:read_pot_percent	8	static
main.c:119:5:read_ADC_step	4	static
main.c:130:6:control_sample_timer_config	4	static
main.c:143:6:update_rate	16	static
main.c:151:6:update_depth	16	static
main.c:160:6:LED_init	4	static
main.c:169:6:LED_toggle	4	static
main.c:173:6:delay_ms	32	static
main.c:191:6:myprint	24	static
main.c:199:6:USART2_init	4	static
main.c:217:6:USART2_write	16	static
main.c:223:5:USART2_read	4	static
