main.c:192:5:main	344	static
main.c:251:6:I2C1_init	4	static
main.c:294:6:I2C1_byteWrite	24	static
main.c:346:9:I2C1_byteRead	24	static
main.c:385:6:MPU9250init	8	static
main.c:439:6:AK8963init	8	static
main.c:445:9:readTemp	24	static
main.c:453:9:readGyroX	16	static
main.c:460:9:readGyroY	16	static
main.c:467:9:readGyroZ	16	static
main.c:474:9:readAccelX	16	static
main.c:481:9:readAccelY	16	static
main.c:488:9:readAccelZ	16	static
main.c:494:9:readMagX	16	static
main.c:500:9:readMagY	16	static
main.c:506:9:readMagZ	16	static
main.c:514:6:myprint	24	static
main.c:520:6:USART2_init	4	static
main.c:538:6:USART2_write	16	static
main.c:544:5:USART2_read	4	static
main.c:550:6:delayMs	24	static
