core_cm4.h:1688:22:__NVIC_EnableIRQ	16	static
core_cm4.h:1816:22:__NVIC_SetPriority	16	static
main.c:80:6:TIM2_IRQHandler	280	static
main.c:97:6:EXTI15_10_IRQHandler	8	static
main.c:110:6:SysTick_Handler	16	static
main.c:125:5:main	8	static,ignoring_inline_asm
main.c:192:6:DAC_write	24	static
main.c:210:6:SPI3_init	4	static
main.c:224:6:ADC_init	4	static
main.c:234:7:read_ADC_voltage	8	static
main.c:239:5:read_ADC_step	4	static
main.c:248:6:set_sample_interrupt	4	static
main.c:262:7:get_temp_value	32	static
main.c:271:5:get_sample_rate_from_ADC	24	static
main.c:281:6:myprint	24	static
main.c:288:6:TIM1_init	4	static
main.c:307:6:USART2_init	4	static
main.c:325:6:USART2_write	16	static
main.c:331:5:USART2_read	4	static
main.c:341:6:set_sysTick_interrupt	16	static
main.c:348:6:delay_ms	32	static
main.c:380:6:B1_config	4	static
main.c:389:5:PXx_OUT_MODER_config	16	static
main.c:409:6:turn_off_PXnum	24	static
main.c:417:6:turn_on_PXnum	24	static
main.c:422:16:select_GPIO	16	static
