core_cm4.h:1688:22:__NVIC_EnableIRQ	16	static
core_cm4.h:1816:22:__NVIC_SetPriority	16	static
main.c:79:6:TIM2_IRQHandler	280	static
main.c:96:6:EXTI15_10_IRQHandler	8	static
main.c:109:6:SysTick_Handler	16	static
main.c:124:5:main	8	static,ignoring_inline_asm
main.c:191:6:DAC_write	24	static
main.c:209:6:SPI3_init	4	static
main.c:223:6:ADC_init	4	static
main.c:233:7:read_ADC_voltage	8	static
main.c:238:5:read_ADC_step	4	static
main.c:247:6:set_sample_interrupt	4	static
main.c:261:7:get_temp_value	32	static
main.c:270:5:get_sample_rate_from_ADC	24	static
main.c:280:6:myprint	24	static
main.c:287:6:TIM1_init	4	static
main.c:306:6:USART2_init	4	static
main.c:324:6:USART2_write	16	static
main.c:330:5:USART2_read	4	static
main.c:340:6:set_sysTick_interrupt	16	static
main.c:347:6:delay_ms	32	static
main.c:379:6:B1_config	4	static
main.c:388:5:PXx_OUT_MODER_config	16	static
main.c:408:6:turn_off_PXnum	24	static
main.c:416:6:turn_on_PXnum	24	static
main.c:421:16:select_GPIO	16	static
